3 MgO 2 Fe --> 1 Fe2O3 3 Mg
1 Cu2S 1 O2 --> 2 Cu 1 SO2
1 Mg 2 HCl --> 1 MgCl2 1 H2
3 Ag 4 HNO3 --> 3 AgNO3 1 NO 2 H2O
2 Cl2 2 CaO2H2 --> 1 CaCl2O2 1 CaCl2 1 H2O
8 HNO3 3 Cu --> 3 CuN2O6 4 H2O 2 NO
2 C3H8O 9 O2 --> 6 CO2 8 H2O
10 KBr 2 KMnO4 8 H2SO4 --> 5 Br2 2 MnSO4 6 K2SO4 1 H2O
8 HNO3 3 Cu --> 3 CuN2O6 4 H2O 2 NO
