0
1
2
3
4
5
6
42
42
-42
-42
4.2
0.4242424242424242